FBSD_1.6 {
    bootstrap_port;
    clock_alarm;
    clock_get_attributes;
    clock_get_time;
    do_compat;
    host_create_mach_voucher;
    host_get_clock_control;
    host_get_clock_service;
    host_register_mach_voucher_attr_manager;
    host_register_well_known_mach_voucher_attr_manager;
    mach_absolute_time;
    mach_error_string_int;
    mach_error_string;
    mach_error_type;
    mach_host_self;
    mach_init;
    mach_make_memory_entry_64;
    mach_make_memory_entry;
    mach_memory_object_memory_entry_64;
    mach_memory_object_memory_entry;
    mach_msg_destroy_memory;
    mach_msg_destroy_port;
    mach_msg_destroy;
    mach_msg_overwrite;
    mach_msg_receive;
    mach_msg_send;
    mach_msg_server_once;
    mach_msg_server;
    mach_msg;
    mach_port_allocate_full;
    mach_port_allocate_name;
    mach_port_allocate_qos;
    mach_port_allocate;
    mach_port_construct;
    mach_port_deallocate;
    mach_port_destroy;
    mach_port_destruct;
    mach_port_dnrequest_info;
    mach_port_extract_member;
    mach_port_extract_right;
    mach_port_get_attributes;
    mach_port_get_context;
    mach_port_get_refs;
    mach_port_get_set_status;
    mach_port_get_srights;
    mach_port_guard;
    mach_port_insert_member;
    mach_port_insert_right;
    mach_port_kobject;
    mach_port_mod_refs;
    mach_port_move_member;
    mach_port_names;
    mach_port_peek;
    mach_port_rename;
    mach_port_request_notification;
    mach_port_set_attributes;
    mach_port_set_context;
    mach_port_set_mscount;
    mach_port_set_seqno;
    mach_port_space_basic_info;
    mach_port_space_info;
    mach_port_type;
    mach_port_unguard;
    mach_ports_lookup;
    mach_ports_register;
    mach_task_self_;
    mach_vm_allocate;
    mach_vm_behavior_set;
    mach_vm_copy;
    mach_vm_deallocate;
    mach_vm_inherit;
    mach_vm_machine_attribute;
    mach_vm_map;
    mach_vm_msync;
    mach_vm_page_info;
    mach_vm_page_query;
    mach_vm_protect;
    mach_vm_purgable_control;
    mach_vm_read_list;
    mach_vm_read_overwrite;
    mach_vm_read;
    mach_vm_region_info_64;
    mach_vm_region_info;
    mach_vm_region_recurse;
    mach_vm_region;
    mach_vm_remap;
    mach_vm_wire;
    mach_vm_write;
    mach_zone_force_gc;
    mach_zone_info;
    mig_allocate;
    mig_dealloc_reply_port;
    mig_deallocate;
    mig_get_reply_port;
    mig_init;
    mig_put_reply_port;
    mig_reply_setup;
    mig_strncpy;
    pthread_mach_thread_np;
    task_get_special_port;
    task_get_exception_ports;
    task_set_exception_ports;
    task_set_mach_voucher;
    task_set_port_space;
    task_swap_exception_ports;
    task_swap_mach_voucher;
    task_wire;
    vm_allocate;
    vm_deallocate;
    vm_machine_attribute;
};

