0:2(7): preprocessor error: 
Pasting "<" and ">" does not give a valid preprocessing token.
0:3(7): preprocessor error: 
Pasting "0" and "abc" does not give a valid preprocessing token.
0:4(7): preprocessor error: 
Pasting "1" and "=" does not give a valid preprocessing token.
0:5(7): preprocessor error: 
Pasting "2" and "~" does not give a valid preprocessing token.
0:6(7): preprocessor error: 
Pasting "3" and "-" does not give a valid preprocessing token.
0:7(7): preprocessor error: 
Pasting "4" and "+" does not give a valid preprocessing token.

<
0
1
2
34
45.2
