 

































& ampersand
! bang
, comma
/ divider
= equals
. full stop
> greater than
- hyphen
+ incrementor
[ JSON array
} kurly brace?
< less than
{ moustache
^ nose
) parenthesis (right)
? question mark
% ratio indicator
] square bracket (right)
~ tilde
: umlaut?
| vertical bar
; wink
* X (as multiplication)

