This file contains any messages produced by compilers while
running configure, to aid debugging if configure makes a mistake.

It was created by libedit configure 3.1, which was
generated by GNU Autoconf 2.72.  Invocation command line was

  $ ./configure --prefix=/usr --sysconfdir=/private/etc --localstatedir=/private/var --host=x86_64-apple-darwin --without-ncurses

## --------- ##
## Platform. ##
## --------- ##

hostname = tsuki
uname -m = x86_64
uname -r = 6.19.11-arch1-1
uname -s = Linux
uname -v = #1 SMP PREEMPT_DYNAMIC Thu, 02 Apr 2026 23:33:01 +0000

/usr/bin/uname -p = unknown
/bin/uname -X     = unknown

/bin/arch              = x86_64
/usr/bin/arch -k       = x86_64
/usr/convex/getsysinfo = unknown
/usr/bin/hostinfo      = unknown
/bin/machine           = unknown
/usr/bin/oslevel       = unknown
/bin/universe          = unknown

PATH: /Users/zoe/bin/
PATH: /usr/local/sbin/
PATH: /usr/local/bin/
PATH: /usr/bin/
PATH: /var/lib/flatpak/exports/bin/
PATH: /usr/lib/jvm/default/bin/
PATH: /usr/bin/site_perl/
PATH: /usr/bin/vendor_perl/
PATH: /usr/bin/core_perl/
PATH: /usr/lib/rustup/bin/


## ----------- ##
## Core tests. ##
## ----------- ##

configure:2564: looking for aux files: config.guess config.sub ltmain.sh missing install-sh compile
configure:2577:  trying ./
configure:2606:   ./config.guess found
configure:2606:   ./config.sub found
configure:2606:   ./ltmain.sh found
configure:2606:   ./missing found
configure:2588:   ./install-sh found
configure:2606:   ./compile found
configure:2746: checking for x86_64-apple-darwin-gcc
configure:2779: result: /nest/build/Developer/Toolchains/Default.xctoolchain/usr/bin/clang
configure:3184: checking for C compiler version
configure:3193: /nest/build/Developer/Toolchains/Default.xctoolchain/usr/bin/clang --version >&5
Apple clang version 17.0.6
Target: x86_64-apple-darwin6.19.11-arch1-1
Thread model: posix
InstalledDir: /nest/build/Developer/Toolchains/Default.xctoolchain/usr/bin
configure:3204: $? = 0
configure:3193: /nest/build/Developer/Toolchains/Default.xctoolchain/usr/bin/clang -v >&5
Apple clang version 17.0.6
Target: x86_64-apple-darwin6.19.11-arch1-1
Thread model: posix
InstalledDir: /nest/build/Developer/Toolchains/Default.xctoolchain/usr/bin
configure:3204: $? = 0
configure:3193: /nest/build/Developer/Toolchains/Default.xctoolchain/usr/bin/clang -V >&5
clang: error: argument to '-V' is missing (expected 1 value)
clang: error: no input files
configure:3204: $? = 1
configure:3193: /nest/build/Developer/Toolchains/Default.xctoolchain/usr/bin/clang -qversion >&5
clang: error: unknown argument '-qversion'; did you mean '--version'?
clang: error: no input files
configure:3204: $? = 1
configure:3193: /nest/build/Developer/Toolchains/Default.xctoolchain/usr/bin/clang -version >&5
clang: error: unknown argument '-version'; did you mean '--version'?
clang: error: no input files
configure:3204: $? = 1
configure:3224: checking whether the C compiler works
configure:3246: /nest/build/Developer/Toolchains/Default.xctoolchain/usr/bin/clang  --sysroot=/Developer/Platforms/ravynOS.platform/Developer/SDKs/ravynOS.sdk -I/nest/build/sysroot/usr/include -L/nest/build/sysroot/usr/lib conftest.c -lncursesw >&5
ld: warning: building for macOS 10.2.0 is deprecated
ld: warning: Csu support file -lcrt1.o not found, changing to target macOS 10.8 where it is not needed
ld: warning: ignoring file /nest/build/sysroot/usr/lib/libncursesw.a, building for macOS-x86_64 but attempting to link with file built for unknown-unsupported file format ( 0x21 0x3C 0x61 0x72 0x63 0x68 0x3E 0x0A 0x2F 0x2F 0x20 0x20 0x20 0x20 0x20 0x20 )
configure:3250: $? = 0
configure:3301: result: yes
configure:3305: checking for C compiler default output file name
configure:3307: result: a.out
configure:3313: checking for suffix of executables
configure:3320: /nest/build/Developer/Toolchains/Default.xctoolchain/usr/bin/clang -o conftest  --sysroot=/Developer/Platforms/ravynOS.platform/Developer/SDKs/ravynOS.sdk -I/nest/build/sysroot/usr/include -L/nest/build/sysroot/usr/lib conftest.c -lncursesw >&5
ld: warning: building for macOS 10.2.0 is deprecated
ld: warning: Csu support file -lcrt1.o not found, changing to target macOS 10.8 where it is not needed
ld: warning: ignoring file /nest/build/sysroot/usr/lib/libncursesw.a, building for macOS-x86_64 but attempting to link with file built for unknown-unsupported file format ( 0x21 0x3C 0x61 0x72 0x63 0x68 0x3E 0x0A 0x2F 0x2F 0x20 0x20 0x20 0x20 0x20 0x20 )
configure:3324: $? = 0
configure:3348: result: 
configure:3372: checking whether we are cross compiling
configure:3380: /nest/build/Developer/Toolchains/Default.xctoolchain/usr/bin/clang -o conftest  --sysroot=/Developer/Platforms/ravynOS.platform/Developer/SDKs/ravynOS.sdk -I/nest/build/sysroot/usr/include -L/nest/build/sysroot/usr/lib conftest.c -lncursesw >&5
ld: warning: building for macOS 10.2.0 is deprecated
ld: warning: Csu support file -lcrt1.o not found, changing to target macOS 10.8 where it is not needed
ld: warning: ignoring file /nest/build/sysroot/usr/lib/libncursesw.a, building for macOS-x86_64 but attempting to link with file built for unknown-unsupported file format ( 0x21 0x3C 0x61 0x72 0x63 0x68 0x3E 0x0A 0x2F 0x2F 0x20 0x20 0x20 0x20 0x20 0x20 )
configure:3384: $? = 0
configure:3391: ./conftest
./configure: line 3393: ./conftest: cannot execute binary file: Exec format error
configure:3395: $? = 126
configure:3410: result: yes
configure:3416: checking for suffix of object files
configure:3439: /nest/build/Developer/Toolchains/Default.xctoolchain/usr/bin/clang -c  --sysroot=/Developer/Platforms/ravynOS.platform/Developer/SDKs/ravynOS.sdk -I/nest/build/sysroot/usr/include conftest.c >&5
configure:3443: $? = 0
configure:3467: result: o
configure:3471: checking whether the compiler supports GNU C
configure:3491: /nest/build/Developer/Toolchains/Default.xctoolchain/usr/bin/clang -c  --sysroot=/Developer/Platforms/ravynOS.platform/Developer/SDKs/ravynOS.sdk -I/nest/build/sysroot/usr/include conftest.c >&5
configure:3491: $? = 0
configure:3503: result: yes
configure:3514: checking whether /nest/build/Developer/Toolchains/Default.xctoolchain/usr/bin/clang accepts -g
configure:3535: /nest/build/Developer/Toolchains/Default.xctoolchain/usr/bin/clang -c -g --sysroot=/Developer/Platforms/ravynOS.platform/Developer/SDKs/ravynOS.sdk -I/nest/build/sysroot/usr/include conftest.c >&5
configure:3535: $? = 0
configure:3582: result: yes
configure:3602: checking for /nest/build/Developer/Toolchains/Default.xctoolchain/usr/bin/clang option to enable C11 features
configure:3617: /nest/build/Developer/Toolchains/Default.xctoolchain/usr/bin/clang  -c -g -O2 --sysroot=/Developer/Platforms/ravynOS.platform/Developer/SDKs/ravynOS.sdk -I/nest/build/sysroot/usr/include conftest.c >&5
configure:3617: $? = 0
configure:3636: result: none needed
configure:3760: checking whether /nest/build/Developer/Toolchains/Default.xctoolchain/usr/bin/clang understands -c and -o together
configure:3783: /nest/build/Developer/Toolchains/Default.xctoolchain/usr/bin/clang -c conftest.c -o conftest2.o
configure:3786: $? = 0
configure:3783: /nest/build/Developer/Toolchains/Default.xctoolchain/usr/bin/clang -c conftest.c -o conftest2.o
configure:3786: $? = 0
configure:3802: result: yes
configure:3824: checking for stdio.h
configure:3824: /nest/build/Developer/Toolchains/Default.xctoolchain/usr/bin/clang -c -g -O2 --sysroot=/Developer/Platforms/ravynOS.platform/Developer/SDKs/ravynOS.sdk -I/nest/build/sysroot/usr/include conftest.c >&5
configure:3824: $? = 0
configure:3824: result: yes
configure:3824: checking for stdlib.h
configure:3824: /nest/build/Developer/Toolchains/Default.xctoolchain/usr/bin/clang -c -g -O2 --sysroot=/Developer/Platforms/ravynOS.platform/Developer/SDKs/ravynOS.sdk -I/nest/build/sysroot/usr/include conftest.c >&5
configure:3824: $? = 0
configure:3824: result: yes
configure:3824: checking for string.h
configure:3824: /nest/build/Developer/Toolchains/Default.xctoolchain/usr/bin/clang -c -g -O2 --sysroot=/Developer/Platforms/ravynOS.platform/Developer/SDKs/ravynOS.sdk -I/nest/build/sysroot/usr/include conftest.c >&5
configure:3824: $? = 0
configure:3824: result: yes
configure:3824: checking for inttypes.h
configure:3824: /nest/build/Developer/Toolchains/Default.xctoolchain/usr/bin/clang -c -g -O2 --sysroot=/Developer/Platforms/ravynOS.platform/Developer/SDKs/ravynOS.sdk -I/nest/build/sysroot/usr/include conftest.c >&5
configure:3824: $? = 0
configure:3824: result: yes
configure:3824: checking for stdint.h
configure:3824: /nest/build/Developer/Toolchains/Default.xctoolchain/usr/bin/clang -c -g -O2 --sysroot=/Developer/Platforms/ravynOS.platform/Developer/SDKs/ravynOS.sdk -I/nest/build/sysroot/usr/include conftest.c >&5
configure:3824: $? = 0
configure:3824: result: yes
configure:3824: checking for strings.h
configure:3824: /nest/build/Developer/Toolchains/Default.xctoolchain/usr/bin/clang -c -g -O2 --sysroot=/Developer/Platforms/ravynOS.platform/Developer/SDKs/ravynOS.sdk -I/nest/build/sysroot/usr/include conftest.c >&5
configure:3824: $? = 0
configure:3824: result: yes
configure:3824: checking for sys/stat.h
configure:3824: /nest/build/Developer/Toolchains/Default.xctoolchain/usr/bin/clang -c -g -O2 --sysroot=/Developer/Platforms/ravynOS.platform/Developer/SDKs/ravynOS.sdk -I/nest/build/sysroot/usr/include conftest.c >&5
configure:3824: $? = 0
configure:3824: result: yes
configure:3824: checking for sys/types.h
configure:3824: /nest/build/Developer/Toolchains/Default.xctoolchain/usr/bin/clang -c -g -O2 --sysroot=/Developer/Platforms/ravynOS.platform/Developer/SDKs/ravynOS.sdk -I/nest/build/sysroot/usr/include conftest.c >&5
configure:3824: $? = 0
configure:3824: result: yes
configure:3824: checking for unistd.h
configure:3824: /nest/build/Developer/Toolchains/Default.xctoolchain/usr/bin/clang -c -g -O2 --sysroot=/Developer/Platforms/ravynOS.platform/Developer/SDKs/ravynOS.sdk -I/nest/build/sysroot/usr/include conftest.c >&5
configure:3824: $? = 0
configure:3824: result: yes
configure:3824: checking for wchar.h
configure:3824: /nest/build/Developer/Toolchains/Default.xctoolchain/usr/bin/clang -c -g -O2 --sysroot=/Developer/Platforms/ravynOS.platform/Developer/SDKs/ravynOS.sdk -I/nest/build/sysroot/usr/include conftest.c >&5
configure:3824: $? = 0
configure:3824: result: yes
configure:3824: checking for minix/config.h
configure:3824: /nest/build/Developer/Toolchains/Default.xctoolchain/usr/bin/clang -c -g -O2 --sysroot=/Developer/Platforms/ravynOS.platform/Developer/SDKs/ravynOS.sdk -I/nest/build/sysroot/usr/include conftest.c >&5
conftest.c:47:10: fatal error: 'minix/config.h' file not found
   47 | #include <minix/config.h>
      |          ^~~~~~~~~~~~~~~~
1 error generated.
configure:3824: $? = 1
configure: failed program was:
| /* confdefs.h */
| #define PACKAGE_NAME "libedit"
| #define PACKAGE_TARNAME "libedit-20251016"
| #define PACKAGE_VERSION "3.1"
| #define PACKAGE_STRING "libedit 3.1"
| #define PACKAGE_BUGREPORT ""
| #define PACKAGE_URL ""
| #define HAVE_STDIO_H 1
| #define HAVE_STDLIB_H 1
| #define HAVE_STRING_H 1
| #define HAVE_INTTYPES_H 1
| #define HAVE_STDINT_H 1
| #define HAVE_STRINGS_H 1
| #define HAVE_SYS_STAT_H 1
| #define HAVE_SYS_TYPES_H 1
| #define HAVE_UNISTD_H 1
| #define HAVE_WCHAR_H 1
| /* end confdefs.h.  */
| #include <stddef.h>
| #ifdef HAVE_STDIO_H
| # include <stdio.h>
| #endif
| #ifdef HAVE_STDLIB_H
| # include <stdlib.h>
| #endif
| #ifdef HAVE_STRING_H
| # include <string.h>
| #endif
| #ifdef HAVE_INTTYPES_H
| # include <inttypes.h>
| #endif
| #ifdef HAVE_STDINT_H
| # include <stdint.h>
| #endif
| #ifdef HAVE_STRINGS_H
| # include <strings.h>
| #endif
| #ifdef HAVE_SYS_TYPES_H
| # include <sys/types.h>
| #endif
| #ifdef HAVE_SYS_STAT_H
| # include <sys/stat.h>
| #endif
| #ifdef HAVE_UNISTD_H
| # include <unistd.h>
| #endif
| #include <minix/config.h>
configure:3824: result: no
configure:3824: checking for vfork.h
configure:3824: /nest/build/Developer/Toolchains/Default.xctoolchain/usr/bin/clang -c -g -O2 --sysroot=/Developer/Platforms/ravynOS.platform/Developer/SDKs/ravynOS.sdk -I/nest/build/sysroot/usr/include conftest.c >&5
conftest.c:47:10: fatal error: 'vfork.h' file not found
   47 | #include <vfork.h>
      |          ^~~~~~~~~
1 error generated.
configure:3824: $? = 1
configure: failed program was:
| /* confdefs.h */
| #define PACKAGE_NAME "libedit"
| #define PACKAGE_TARNAME "libedit-20251016"
| #define PACKAGE_VERSION "3.1"
| #define PACKAGE_STRING "libedit 3.1"
| #define PACKAGE_BUGREPORT ""
| #define PACKAGE_URL ""
| #define HAVE_STDIO_H 1
| #define HAVE_STDLIB_H 1
| #define HAVE_STRING_H 1
| #define HAVE_INTTYPES_H 1
| #define HAVE_STDINT_H 1
| #define HAVE_STRINGS_H 1
| #define HAVE_SYS_STAT_H 1
| #define HAVE_SYS_TYPES_H 1
| #define HAVE_UNISTD_H 1
| #define HAVE_WCHAR_H 1
| /* end confdefs.h.  */
| #include <stddef.h>
| #ifdef HAVE_STDIO_H
| # include <stdio.h>
| #endif
| #ifdef HAVE_STDLIB_H
| # include <stdlib.h>
| #endif
| #ifdef HAVE_STRING_H
| # include <string.h>
| #endif
| #ifdef HAVE_INTTYPES_H
| # include <inttypes.h>
| #endif
| #ifdef HAVE_STDINT_H
| # include <stdint.h>
| #endif
| #ifdef HAVE_STRINGS_H
| # include <strings.h>
| #endif
| #ifdef HAVE_SYS_TYPES_H
| # include <sys/types.h>
| #endif
| #ifdef HAVE_SYS_STAT_H
| # include <sys/stat.h>
| #endif
| #ifdef HAVE_UNISTD_H
| # include <unistd.h>
| #endif
| #include <vfork.h>
configure:3824: result: no
configure:3855: checking whether it is safe to define __EXTENSIONS__
configure:3874: /nest/build/Developer/Toolchains/Default.xctoolchain/usr/bin/clang -c -g -O2 --sysroot=/Developer/Platforms/ravynOS.platform/Developer/SDKs/ravynOS.sdk -I/nest/build/sysroot/usr/include conftest.c >&5
configure:3874: $? = 0
configure:3884: result: yes
configure:3887: checking whether _XOPEN_SOURCE should be defined
configure:3909: /nest/build/Developer/Toolchains/Default.xctoolchain/usr/bin/clang -c -g -O2 --sysroot=/Developer/Platforms/ravynOS.platform/Developer/SDKs/ravynOS.sdk -I/nest/build/sysroot/usr/include conftest.c >&5
configure:3909: $? = 0
configure:3938: result: no
configure:4015: checking for a BSD-compatible install
configure:4089: result: /usr/bin/install -c
configure:4100: checking whether sleep supports fractional seconds
configure:4116: result: yes
configure:4119: checking filesystem timestamp resolution
configure:4254: result: 2
configure:4259: checking whether build environment is sane
configure:4304: result: yes
configure:4366: checking for x86_64-apple-darwin-strip
configure:4402: result: no
configure:4412: checking for strip
configure:4433: found /usr/bin/strip
configure:4445: result: strip
configure:4457: WARNING: using cross tools not prefixed with host triplet
configure:4471: checking for a race-free mkdir -p
configure:4514: result: /usr/bin/mkdir -p
configure:4521: checking for gawk
configure:4542: found /usr/bin/gawk
configure:4554: result: gawk
configure:4565: checking whether make sets $(MAKE)
configure:4589: result: yes
configure:4611: checking whether make supports the include directive
configure:4626: make -f confmf.GNU && cat confinc.out
this is the am__doit target
configure:4629: $? = 0
configure:4648: result: yes (GNU style)
configure:4679: checking whether make supports nested variables
configure:4698: result: yes
configure:4712: checking xargs -n works
configure:4728: result: yes
configure:4813: checking whether UID '1000' is supported by ustar format
configure:4819: result: yes
configure:4826: checking whether GID '1000' is supported by ustar format
configure:4832: result: yes
configure:4840: checking how to create a ustar tar archive
configure:4851: tar --version
tar (GNU tar) 1.35
Copyright (C) 2023 Free Software Foundation, Inc.
License GPLv3+: GNU GPL version 3 or later <https://gnu.org/licenses/gpl.html>.
This is free software: you are free to change and redistribute it.
There is NO WARRANTY, to the extent permitted by law.

Written by John Gilmore and Jay Fenlason.
configure:4854: $? = 0
configure:4894: tardir=conftest.dir && eval tar --format=ustar -chf - "$tardir" >conftest.tar
configure:4897: $? = 0
configure:4901: tar -xf - <conftest.tar
configure:4904: $? = 0
configure:4906: cat conftest.dir/file
GrepMe
configure:4909: $? = 0
configure:4924: result: gnutar
configure:4933: checking dependency style of /nest/build/Developer/Toolchains/Default.xctoolchain/usr/bin/clang
configure:5046: result: gcc3
configure:5112: checking build system type
configure:5128: result: x86_64-pc-linux-gnu
configure:5148: checking host system type
configure:5163: result: x86_64-apple-darwin
configure:5204: checking how to print strings
configure:5231: result: printf
configure:5252: checking for a sed that does not truncate output
configure:5324: result: /usr/bin/sed
configure:5342: checking for grep that handles long lines and -e
configure:5408: result: /usr/bin/grep
configure:5413: checking for egrep
configure:5483: result: /usr/bin/grep -E
configure:5490: checking for fgrep
configure:5560: result: /usr/bin/grep -F
configure:5597: checking for ld used by /nest/build/Developer/Toolchains/Default.xctoolchain/usr/bin/clang
configure:5666: result: /nest/build/Developer/Toolchains/Default.xctoolchain/usr/bin/ld64
configure:5673: checking if the linker (/nest/build/Developer/Toolchains/Default.xctoolchain/usr/bin/ld64) is GNU ld
configure:5690: result: no
configure:5702: checking for BSD- or MS-compatible name lister (nm)
configure:5758: result: no
configure:5772: checking for x86_64-apple-darwin-dumpbin
configure:5808: result: no
configure:5772: checking for x86_64-apple-darwin-link
configure:5808: result: no
configure:5822: checking for dumpbin
configure:5858: result: no
configure:5822: checking for link
configure:5843: found /usr/bin/link
configure:5855: result: link -dump
configure:5900: checking the name lister (nm) interface
configure:5908: /nest/build/Developer/Toolchains/Default.xctoolchain/usr/bin/clang -c -g -O2 --sysroot=/Developer/Platforms/ravynOS.platform/Developer/SDKs/ravynOS.sdk -I/nest/build/sysroot/usr/include conftest.c >&5
configure:5911: nm "conftest.o"
nm: conftest.o: file format not recognized
configure:5914: output
configure:5922: result: BSD nm
configure:5925: checking whether ln -s works
configure:5929: result: yes
configure:5937: checking the maximum length of command line arguments
configure:6070: result: 3145728
configure:6118: checking how to convert x86_64-pc-linux-gnu file names to x86_64-apple-darwin format
configure:6160: result: func_convert_file_noop
configure:6167: checking how to convert x86_64-pc-linux-gnu file names to toolchain format
configure:6189: result: func_convert_file_noop
configure:6196: checking for /nest/build/Developer/Toolchains/Default.xctoolchain/usr/bin/ld64 option to reload object files
configure:6205: result: -r
configure:6238: checking for file
configure:6259: found /usr/bin/file
configure:6272: result: file
configure:6289: checking for x86_64-apple-darwin-objdump
configure:6325: result: no
configure:6335: checking for objdump
configure:6356: found /usr/bin/objdump
configure:6368: result: objdump
configure:6400: checking how to recognize dependent libraries
configure:6609: result: pass_all
configure:6654: checking for x86_64-apple-darwin-dlltool
configure:6690: result: no
configure:6700: checking for dlltool
configure:6736: result: no
configure:6766: checking how to associate runtime and link libraries
configure:6795: result: printf %s\n
configure:6809: checking for x86_64-apple-darwin-ranlib
configure:6845: result: no
configure:6855: checking for ranlib
configure:6876: found /usr/bin/ranlib
configure:6888: result: ranlib
configure:6915: checking for x86_64-apple-darwin-ar
configure:6951: result: no
configure:6965: checking for ar
configure:6986: found /usr/bin/ar
configure:6998: result: ar
configure:7051: checking for archiver @FILE support
configure:7069: /nest/build/Developer/Toolchains/Default.xctoolchain/usr/bin/clang -c -g -O2 --sysroot=/Developer/Platforms/ravynOS.platform/Developer/SDKs/ravynOS.sdk -I/nest/build/sysroot/usr/include conftest.c >&5
configure:7069: $? = 0
configure:7073: ar cr libconftest.a @conftest.lst >&5
configure:7076: $? = 0
configure:7081: ar cr libconftest.a @conftest.lst >&5
ar: conftest.o: No such file or directory
configure:7084: $? = 1
configure:7097: result: @
configure:7115: checking for x86_64-apple-darwin-strip
configure:7148: result: strip
configure:7297: checking command to parse nm output from /nest/build/Developer/Toolchains/Default.xctoolchain/usr/bin/clang object
configure:7451: /nest/build/Developer/Toolchains/Default.xctoolchain/usr/bin/clang -c -g -O2 --sysroot=/Developer/Platforms/ravynOS.platform/Developer/SDKs/ravynOS.sdk -I/nest/build/sysroot/usr/include conftest.c >&5
configure:7454: $? = 0
configure:7458: nm conftest.o | /usr/bin/sed -n -e 's/^.*[	 ]\([ABCDGIRSTW][ABCDGIRSTW]*\)[	 ][	 ]*\([_A-Za-z][_A-Za-z0-9]*\)$/\1 \2 \2/p' | /usr/bin/sed '/ __gnu_lto/d' > conftest.nm
nm: conftest.o: file format not recognized
cannot run /usr/bin/sed -n -e 's/^.*[	 ]\([ABCDGIRSTW][ABCDGIRSTW]*\)[	 ][	 ]*\([_A-Za-z][_A-Za-z0-9]*\)$/\1 \2 \2/p' | /usr/bin/sed '/ __gnu_lto/d'
configure:7451: /nest/build/Developer/Toolchains/Default.xctoolchain/usr/bin/clang -c -g -O2 --sysroot=/Developer/Platforms/ravynOS.platform/Developer/SDKs/ravynOS.sdk -I/nest/build/sysroot/usr/include conftest.c >&5
configure:7454: $? = 0
configure:7458: nm conftest.o | /usr/bin/sed -n -e 's/^.*[	 ]\([ABCDGIRSTW][ABCDGIRSTW]*\)[	 ][	 ]*_\([_A-Za-z][_A-Za-z0-9]*\)$/\1 _\2 \2/p' | /usr/bin/sed '/ __gnu_lto/d' > conftest.nm
nm: conftest.o: file format not recognized
cannot run /usr/bin/sed -n -e 's/^.*[	 ]\([ABCDGIRSTW][ABCDGIRSTW]*\)[	 ][	 ]*_\([_A-Za-z][_A-Za-z0-9]*\)$/\1 _\2 \2/p' | /usr/bin/sed '/ __gnu_lto/d'
configure:7563: result: failed
configure:7613: checking for sysroot
configure:7647: result: no
configure:7654: checking for a working dd
configure:7699: result: /usr/bin/dd
configure:7703: checking how to truncate binary pipes
configure:7720: result: /usr/bin/dd bs=4096 count=1
configure:8014: checking for x86_64-apple-darwin-mt
configure:8050: result: no
configure:8060: checking for mt
configure:8096: result: no
configure:8116: checking if : is a manifest tool
configure:8123: : '-?'
configure:8132: result: no
configure:8148: checking for x86_64-apple-darwin-dsymutil
configure:8184: result: no
configure:8194: checking for dsymutil
configure:8215: found /usr/bin/dsymutil
configure:8227: result: dsymutil
configure:8252: checking for x86_64-apple-darwin-nmedit
configure:8288: result: no
configure:8298: checking for nmedit
configure:8334: result: no
configure:8356: checking for x86_64-apple-darwin-lipo
configure:8392: result: no
configure:8402: checking for lipo
configure:8438: result: no
configure:8460: checking for x86_64-apple-darwin-otool
configure:8496: result: no
configure:8506: checking for otool
configure:8542: result: no
configure:8564: checking for x86_64-apple-darwin-otool64
configure:8600: result: no
configure:8610: checking for otool64
configure:8646: result: no
configure:8691: checking for -single_module linker flag
/nest/build/Developer/Toolchains/Default.xctoolchain/usr/bin/clang -g -O2 -L/nest/build/sysroot/usr/lib -o libconftest.dylib -dynamiclib -Wl,-single_module conftest.c
configure:8726: result: yes
configure:8731: checking for -no_fixup_chains linker flag
configure:8750: /nest/build/Developer/Toolchains/Default.xctoolchain/usr/bin/clang -o conftest -g -O2 --sysroot=/Developer/Platforms/ravynOS.platform/Developer/SDKs/ravynOS.sdk -I/nest/build/sysroot/usr/include -L/nest/build/sysroot/usr/lib -Wl,-no_fixup_chains conftest.c -lncursesw >&5
ld: warning: building for macOS 10.2.0 is deprecated
ld: warning: Csu support file -lcrt1.o not found, changing to target macOS 10.8 where it is not needed
ld: unknown option: -no_fixup_chains
clang: error: linker command failed with exit code 1 (use -v to see invocation)
configure:8750: $? = 1
configure: failed program was:
| /* confdefs.h */
| #define PACKAGE_NAME "libedit"
| #define PACKAGE_TARNAME "libedit-20251016"
| #define PACKAGE_VERSION "3.1"
| #define PACKAGE_STRING "libedit 3.1"
| #define PACKAGE_BUGREPORT ""
| #define PACKAGE_URL ""
| #define HAVE_STDIO_H 1
| #define HAVE_STDLIB_H 1
| #define HAVE_STRING_H 1
| #define HAVE_INTTYPES_H 1
| #define HAVE_STDINT_H 1
| #define HAVE_STRINGS_H 1
| #define HAVE_SYS_STAT_H 1
| #define HAVE_SYS_TYPES_H 1
| #define HAVE_UNISTD_H 1
| #define HAVE_WCHAR_H 1
| #define STDC_HEADERS 1
| #define _ALL_SOURCE 1
| #define _DARWIN_C_SOURCE 1
| #define _GNU_SOURCE 1
| #define _HPUX_ALT_XOPEN_SOCKET_API 1
| #define _NETBSD_SOURCE 1
| #define _OPENBSD_SOURCE 1
| #define _POSIX_PTHREAD_SEMANTICS 1
| #define __STDC_WANT_IEC_60559_ATTRIBS_EXT__ 1
| #define __STDC_WANT_IEC_60559_BFP_EXT__ 1
| #define __STDC_WANT_IEC_60559_DFP_EXT__ 1
| #define __STDC_WANT_IEC_60559_EXT__ 1
| #define __STDC_WANT_IEC_60559_FUNCS_EXT__ 1
| #define __STDC_WANT_IEC_60559_TYPES_EXT__ 1
| #define __STDC_WANT_LIB_EXT2__ 1
| #define __STDC_WANT_MATH_SPEC_FUNCS__ 1
| #define _TANDEM_SOURCE 1
| #define __EXTENSIONS__ 1
| #define PACKAGE "libedit-20251016"
| #define VERSION "3.1"
| /* end confdefs.h.  */
| 
| int
| main (void)
| {
| 
|   ;
|   return 0;
| }
configure:8765: result: no
configure:8768: checking for -exported_symbols_list linker flag
configure:8789: /nest/build/Developer/Toolchains/Default.xctoolchain/usr/bin/clang -o conftest -g -O2 --sysroot=/Developer/Platforms/ravynOS.platform/Developer/SDKs/ravynOS.sdk -I/nest/build/sysroot/usr/include -L/nest/build/sysroot/usr/lib -Wl,-exported_symbols_list,conftest.sym conftest.c -lncursesw >&5
ld: warning: building for macOS 10.2.0 is deprecated
ld: warning: Csu support file -lcrt1.o not found, changing to target macOS 10.8 where it is not needed
ld: warning: ignoring file /nest/build/sysroot/usr/lib/libncursesw.a, building for macOS-x86_64 but attempting to link with file built for unknown-unsupported file format ( 0x21 0x3C 0x61 0x72 0x63 0x68 0x3E 0x0A 0x2F 0x2F 0x20 0x20 0x20 0x20 0x20 0x20 )
configure:8789: $? = 0
configure:8802: result: yes
configure:8805: checking for -force_load linker flag
/nest/build/Developer/Toolchains/Default.xctoolchain/usr/bin/clang -g -O2 -c -o conftest.o conftest.c
ar cr libconftest.a conftest.o
ranlib libconftest.a
/nest/build/Developer/Toolchains/Default.xctoolchain/usr/bin/clang -g -O2 -L/nest/build/sysroot/usr/lib -o conftest conftest.c -Wl,-force_load,./libconftest.a
ld: warning: directory not found for option '-F/System/Library/Frameworks/'
ld: warning: building for macOS 10.2.0 is deprecated
ld: warning: ignoring file /usr/lib/crt1.o, building for macOS-x86_64 but attempting to link with file built for unknown-unsupported file format ( 0x7F 0x45 0x4C 0x46 0x02 0x01 0x01 0x00 0x00 0x00 0x00 0x00 0x00 0x00 0x00 0x00 )
ld: archive has no table of contents file './libconftest.a' for architecture x86_64
clang: error: linker command failed with exit code 1 (use -v to see invocation)
configure:8839: result: no
configure:8925: checking for dlfcn.h
configure:8925: /nest/build/Developer/Toolchains/Default.xctoolchain/usr/bin/clang -c -g -O2 --sysroot=/Developer/Platforms/ravynOS.platform/Developer/SDKs/ravynOS.sdk -I/nest/build/sysroot/usr/include conftest.c >&5
configure:8925: $? = 0
configure:8925: result: yes
configure:9228: checking for objdir
configure:9245: result: .libs
configure:9511: checking if /nest/build/Developer/Toolchains/Default.xctoolchain/usr/bin/clang supports -fno-rtti -fno-exceptions
configure:9530: /nest/build/Developer/Toolchains/Default.xctoolchain/usr/bin/clang -c -g -O2 --sysroot=/Developer/Platforms/ravynOS.platform/Developer/SDKs/ravynOS.sdk -I/nest/build/sysroot/usr/include -fno-rtti -fno-exceptions conftest.c >&5
configure:9534: $? = 0
configure:9548: result: yes
configure:9921: checking for /nest/build/Developer/Toolchains/Default.xctoolchain/usr/bin/clang option to produce PIC
configure:9930: result: -fno-common -DPIC
configure:9938: checking if /nest/build/Developer/Toolchains/Default.xctoolchain/usr/bin/clang PIC flag -fno-common -DPIC works
configure:9957: /nest/build/Developer/Toolchains/Default.xctoolchain/usr/bin/clang -c -g -O2 --sysroot=/Developer/Platforms/ravynOS.platform/Developer/SDKs/ravynOS.sdk -I/nest/build/sysroot/usr/include -fno-common -DPIC -DPIC conftest.c >&5
configure:9961: $? = 0
configure:9975: result: yes
configure:10004: checking if /nest/build/Developer/Toolchains/Default.xctoolchain/usr/bin/clang static flag -static works
configure:10034: result: no
configure:10049: checking if /nest/build/Developer/Toolchains/Default.xctoolchain/usr/bin/clang supports -c -o file.o
configure:10071: /nest/build/Developer/Toolchains/Default.xctoolchain/usr/bin/clang -c -g -O2 --sysroot=/Developer/Platforms/ravynOS.platform/Developer/SDKs/ravynOS.sdk -I/nest/build/sysroot/usr/include -o out/conftest2.o conftest.c >&5
configure:10075: $? = 0
configure:10098: result: yes
configure:10106: checking if /nest/build/Developer/Toolchains/Default.xctoolchain/usr/bin/clang supports -c -o file.o
configure:10155: result: yes
configure:10188: checking whether the /nest/build/Developer/Toolchains/Default.xctoolchain/usr/bin/clang linker (/nest/build/Developer/Toolchains/Default.xctoolchain/usr/bin/ld64) supports shared libraries
configure:11472: result: yes
configure:11714: checking dynamic linker characteristics
configure:13098: result: darwin dyld
configure:13220: checking how to hardcode library paths into programs
configure:13245: result: immediate
configure:13845: checking whether stripping libraries is possible
configure:13854: result: yes
configure:13896: checking if libtool supports shared libraries
configure:13898: result: yes
configure:13901: checking whether to build shared libraries
configure:13926: result: yes
configure:13929: checking whether to build static libraries
configure:13933: result: yes
configure:13989: checking for x86_64-apple-darwin-gcc
configure:14022: result: /nest/build/Developer/Toolchains/Default.xctoolchain/usr/bin/clang
configure:14427: checking for C compiler version
configure:14436: /nest/build/Developer/Toolchains/Default.xctoolchain/usr/bin/clang --version >&5
Apple clang version 17.0.6
Target: x86_64-apple-darwin6.19.11-arch1-1
Thread model: posix
InstalledDir: /nest/build/Developer/Toolchains/Default.xctoolchain/usr/bin
configure:14447: $? = 0
configure:14436: /nest/build/Developer/Toolchains/Default.xctoolchain/usr/bin/clang -v >&5
Apple clang version 17.0.6
Target: x86_64-apple-darwin6.19.11-arch1-1
Thread model: posix
InstalledDir: /nest/build/Developer/Toolchains/Default.xctoolchain/usr/bin
configure:14447: $? = 0
configure:14436: /nest/build/Developer/Toolchains/Default.xctoolchain/usr/bin/clang -V >&5
clang: error: argument to '-V' is missing (expected 1 value)
clang: error: no input files
configure:14447: $? = 1
configure:14436: /nest/build/Developer/Toolchains/Default.xctoolchain/usr/bin/clang -qversion >&5
clang: error: unknown argument '-qversion'; did you mean '--version'?
clang: error: no input files
configure:14447: $? = 1
configure:14436: /nest/build/Developer/Toolchains/Default.xctoolchain/usr/bin/clang -version >&5
clang: error: unknown argument '-version'; did you mean '--version'?
clang: error: no input files
configure:14447: $? = 1
configure:14451: checking whether the compiler supports GNU C
configure:14483: result: yes
configure:14494: checking whether /nest/build/Developer/Toolchains/Default.xctoolchain/usr/bin/clang accepts -g
configure:14562: result: yes
configure:14582: checking for /nest/build/Developer/Toolchains/Default.xctoolchain/usr/bin/clang option to enable C11 features
configure:14616: result: none needed
configure:14740: checking whether /nest/build/Developer/Toolchains/Default.xctoolchain/usr/bin/clang understands -c and -o together
configure:14782: result: yes
configure:14799: checking whether ln -s works
configure:14803: result: yes
configure:14814: checking for gawk
configure:14847: result: gawk
configure:14865: checking for nroff
configure:14888: found /usr/bin/nroff
configure:14901: result: /usr/bin/nroff
configure:14919: checking for tgetent in -lncurses
configure:14948: /nest/build/Developer/Toolchains/Default.xctoolchain/usr/bin/clang -o conftest -g -O2 --sysroot=/Developer/Platforms/ravynOS.platform/Developer/SDKs/ravynOS.sdk -I/nest/build/sysroot/usr/include -L/nest/build/sysroot/usr/lib conftest.c -lncurses  -lncursesw >&5
ld: warning: building for macOS 10.2.0 is deprecated
ld: warning: Csu support file -lcrt1.o not found, changing to target macOS 10.8 where it is not needed
ld: library not found for -lncurses
clang: error: linker command failed with exit code 1 (use -v to see invocation)
configure:14948: $? = 1
configure: failed program was:
| /* confdefs.h */
| #define PACKAGE_NAME "libedit"
| #define PACKAGE_TARNAME "libedit-20251016"
| #define PACKAGE_VERSION "3.1"
| #define PACKAGE_STRING "libedit 3.1"
| #define PACKAGE_BUGREPORT ""
| #define PACKAGE_URL ""
| #define HAVE_STDIO_H 1
| #define HAVE_STDLIB_H 1
| #define HAVE_STRING_H 1
| #define HAVE_INTTYPES_H 1
| #define HAVE_STDINT_H 1
| #define HAVE_STRINGS_H 1
| #define HAVE_SYS_STAT_H 1
| #define HAVE_SYS_TYPES_H 1
| #define HAVE_UNISTD_H 1
| #define HAVE_WCHAR_H 1
| #define STDC_HEADERS 1
| #define _ALL_SOURCE 1
| #define _DARWIN_C_SOURCE 1
| #define _GNU_SOURCE 1
| #define _HPUX_ALT_XOPEN_SOCKET_API 1
| #define _NETBSD_SOURCE 1
| #define _OPENBSD_SOURCE 1
| #define _POSIX_PTHREAD_SEMANTICS 1
| #define __STDC_WANT_IEC_60559_ATTRIBS_EXT__ 1
| #define __STDC_WANT_IEC_60559_BFP_EXT__ 1
| #define __STDC_WANT_IEC_60559_DFP_EXT__ 1
| #define __STDC_WANT_IEC_60559_EXT__ 1
| #define __STDC_WANT_IEC_60559_FUNCS_EXT__ 1
| #define __STDC_WANT_IEC_60559_TYPES_EXT__ 1
| #define __STDC_WANT_LIB_EXT2__ 1
| #define __STDC_WANT_MATH_SPEC_FUNCS__ 1
| #define _TANDEM_SOURCE 1
| #define __EXTENSIONS__ 1
| #define PACKAGE "libedit-20251016"
| #define VERSION "3.1"
| #define HAVE_DLFCN_H 1
| #define LT_OBJDIR ".libs/"
| /* end confdefs.h.  */
| 
| /* Override any GCC internal prototype to avoid an error.
|    Use char because int might match the return type of a GCC
|    builtin and then its argument prototype would still apply.
|    The 'extern "C"' is for builds by C++ compilers;
|    although this is not generally supported in C code supporting it here
|    has little cost and some practical benefit (sr 110532).  */
| #ifdef __cplusplus
| extern "C"
| #endif
| char tgetent (void);
| int
| main (void)
| {
| return tgetent ();
|   ;
|   return 0;
| }
configure:14960: result: no
configure:14969: checking for tgetent in -lcurses
configure:14998: /nest/build/Developer/Toolchains/Default.xctoolchain/usr/bin/clang -o conftest -g -O2 --sysroot=/Developer/Platforms/ravynOS.platform/Developer/SDKs/ravynOS.sdk -I/nest/build/sysroot/usr/include -L/nest/build/sysroot/usr/lib conftest.c -lcurses  -lncursesw >&5
ld: warning: building for macOS 10.2.0 is deprecated
ld: warning: Csu support file -lcrt1.o not found, changing to target macOS 10.8 where it is not needed
ld: library not found for -lcurses
clang: error: linker command failed with exit code 1 (use -v to see invocation)
configure:14998: $? = 1
configure: failed program was:
| /* confdefs.h */
| #define PACKAGE_NAME "libedit"
| #define PACKAGE_TARNAME "libedit-20251016"
| #define PACKAGE_VERSION "3.1"
| #define PACKAGE_STRING "libedit 3.1"
| #define PACKAGE_BUGREPORT ""
| #define PACKAGE_URL ""
| #define HAVE_STDIO_H 1
| #define HAVE_STDLIB_H 1
| #define HAVE_STRING_H 1
| #define HAVE_INTTYPES_H 1
| #define HAVE_STDINT_H 1
| #define HAVE_STRINGS_H 1
| #define HAVE_SYS_STAT_H 1
| #define HAVE_SYS_TYPES_H 1
| #define HAVE_UNISTD_H 1
| #define HAVE_WCHAR_H 1
| #define STDC_HEADERS 1
| #define _ALL_SOURCE 1
| #define _DARWIN_C_SOURCE 1
| #define _GNU_SOURCE 1
| #define _HPUX_ALT_XOPEN_SOCKET_API 1
| #define _NETBSD_SOURCE 1
| #define _OPENBSD_SOURCE 1
| #define _POSIX_PTHREAD_SEMANTICS 1
| #define __STDC_WANT_IEC_60559_ATTRIBS_EXT__ 1
| #define __STDC_WANT_IEC_60559_BFP_EXT__ 1
| #define __STDC_WANT_IEC_60559_DFP_EXT__ 1
| #define __STDC_WANT_IEC_60559_EXT__ 1
| #define __STDC_WANT_IEC_60559_FUNCS_EXT__ 1
| #define __STDC_WANT_IEC_60559_TYPES_EXT__ 1
| #define __STDC_WANT_LIB_EXT2__ 1
| #define __STDC_WANT_MATH_SPEC_FUNCS__ 1
| #define _TANDEM_SOURCE 1
| #define __EXTENSIONS__ 1
| #define PACKAGE "libedit-20251016"
| #define VERSION "3.1"
| #define HAVE_DLFCN_H 1
| #define LT_OBJDIR ".libs/"
| /* end confdefs.h.  */
| 
| /* Override any GCC internal prototype to avoid an error.
|    Use char because int might match the return type of a GCC
|    builtin and then its argument prototype would still apply.
|    The 'extern "C"' is for builds by C++ compilers;
|    although this is not generally supported in C code supporting it here
|    has little cost and some practical benefit (sr 110532).  */
| #ifdef __cplusplus
| extern "C"
| #endif
| char tgetent (void);
| int
| main (void)
| {
| return tgetent ();
|   ;
|   return 0;
| }
configure:15010: result: no
configure:15019: checking for tgetent in -ltermcap
configure:15048: /nest/build/Developer/Toolchains/Default.xctoolchain/usr/bin/clang -o conftest -g -O2 --sysroot=/Developer/Platforms/ravynOS.platform/Developer/SDKs/ravynOS.sdk -I/nest/build/sysroot/usr/include -L/nest/build/sysroot/usr/lib conftest.c -ltermcap  -lncursesw >&5
ld: warning: building for macOS 10.2.0 is deprecated
ld: warning: Csu support file -lcrt1.o not found, changing to target macOS 10.8 where it is not needed
ld: library not found for -ltermcap
clang: error: linker command failed with exit code 1 (use -v to see invocation)
configure:15048: $? = 1
configure: failed program was:
| /* confdefs.h */
| #define PACKAGE_NAME "libedit"
| #define PACKAGE_TARNAME "libedit-20251016"
| #define PACKAGE_VERSION "3.1"
| #define PACKAGE_STRING "libedit 3.1"
| #define PACKAGE_BUGREPORT ""
| #define PACKAGE_URL ""
| #define HAVE_STDIO_H 1
| #define HAVE_STDLIB_H 1
| #define HAVE_STRING_H 1
| #define HAVE_INTTYPES_H 1
| #define HAVE_STDINT_H 1
| #define HAVE_STRINGS_H 1
| #define HAVE_SYS_STAT_H 1
| #define HAVE_SYS_TYPES_H 1
| #define HAVE_UNISTD_H 1
| #define HAVE_WCHAR_H 1
| #define STDC_HEADERS 1
| #define _ALL_SOURCE 1
| #define _DARWIN_C_SOURCE 1
| #define _GNU_SOURCE 1
| #define _HPUX_ALT_XOPEN_SOCKET_API 1
| #define _NETBSD_SOURCE 1
| #define _OPENBSD_SOURCE 1
| #define _POSIX_PTHREAD_SEMANTICS 1
| #define __STDC_WANT_IEC_60559_ATTRIBS_EXT__ 1
| #define __STDC_WANT_IEC_60559_BFP_EXT__ 1
| #define __STDC_WANT_IEC_60559_DFP_EXT__ 1
| #define __STDC_WANT_IEC_60559_EXT__ 1
| #define __STDC_WANT_IEC_60559_FUNCS_EXT__ 1
| #define __STDC_WANT_IEC_60559_TYPES_EXT__ 1
| #define __STDC_WANT_LIB_EXT2__ 1
| #define __STDC_WANT_MATH_SPEC_FUNCS__ 1
| #define _TANDEM_SOURCE 1
| #define __EXTENSIONS__ 1
| #define PACKAGE "libedit-20251016"
| #define VERSION "3.1"
| #define HAVE_DLFCN_H 1
| #define LT_OBJDIR ".libs/"
| /* end confdefs.h.  */
| 
| /* Override any GCC internal prototype to avoid an error.
|    Use char because int might match the return type of a GCC
|    builtin and then its argument prototype would still apply.
|    The 'extern "C"' is for builds by C++ compilers;
|    although this is not generally supported in C code supporting it here
|    has little cost and some practical benefit (sr 110532).  */
| #ifdef __cplusplus
| extern "C"
| #endif
| char tgetent (void);
| int
| main (void)
| {
| return tgetent ();
|   ;
|   return 0;
| }
configure:15060: result: no
configure:15069: checking for tgetent in -ltinfo
configure:15098: /nest/build/Developer/Toolchains/Default.xctoolchain/usr/bin/clang -o conftest -g -O2 --sysroot=/Developer/Platforms/ravynOS.platform/Developer/SDKs/ravynOS.sdk -I/nest/build/sysroot/usr/include -L/nest/build/sysroot/usr/lib conftest.c -ltinfo  -lncursesw >&5
ld: warning: building for macOS 10.2.0 is deprecated
ld: warning: Csu support file -lcrt1.o not found, changing to target macOS 10.8 where it is not needed
ld: library not found for -ltinfo
clang: error: linker command failed with exit code 1 (use -v to see invocation)
configure:15098: $? = 1
configure: failed program was:
| /* confdefs.h */
| #define PACKAGE_NAME "libedit"
| #define PACKAGE_TARNAME "libedit-20251016"
| #define PACKAGE_VERSION "3.1"
| #define PACKAGE_STRING "libedit 3.1"
| #define PACKAGE_BUGREPORT ""
| #define PACKAGE_URL ""
| #define HAVE_STDIO_H 1
| #define HAVE_STDLIB_H 1
| #define HAVE_STRING_H 1
| #define HAVE_INTTYPES_H 1
| #define HAVE_STDINT_H 1
| #define HAVE_STRINGS_H 1
| #define HAVE_SYS_STAT_H 1
| #define HAVE_SYS_TYPES_H 1
| #define HAVE_UNISTD_H 1
| #define HAVE_WCHAR_H 1
| #define STDC_HEADERS 1
| #define _ALL_SOURCE 1
| #define _DARWIN_C_SOURCE 1
| #define _GNU_SOURCE 1
| #define _HPUX_ALT_XOPEN_SOCKET_API 1
| #define _NETBSD_SOURCE 1
| #define _OPENBSD_SOURCE 1
| #define _POSIX_PTHREAD_SEMANTICS 1
| #define __STDC_WANT_IEC_60559_ATTRIBS_EXT__ 1
| #define __STDC_WANT_IEC_60559_BFP_EXT__ 1
| #define __STDC_WANT_IEC_60559_DFP_EXT__ 1
| #define __STDC_WANT_IEC_60559_EXT__ 1
| #define __STDC_WANT_IEC_60559_FUNCS_EXT__ 1
| #define __STDC_WANT_IEC_60559_TYPES_EXT__ 1
| #define __STDC_WANT_LIB_EXT2__ 1
| #define __STDC_WANT_MATH_SPEC_FUNCS__ 1
| #define _TANDEM_SOURCE 1
| #define __EXTENSIONS__ 1
| #define PACKAGE "libedit-20251016"
| #define VERSION "3.1"
| #define HAVE_DLFCN_H 1
| #define LT_OBJDIR ".libs/"
| /* end confdefs.h.  */
| 
| /* Override any GCC internal prototype to avoid an error.
|    Use char because int might match the return type of a GCC
|    builtin and then its argument prototype would still apply.
|    The 'extern "C"' is for builds by C++ compilers;
|    although this is not generally supported in C code supporting it here
|    has little cost and some practical benefit (sr 110532).  */
| #ifdef __cplusplus
| extern "C"
| #endif
| char tgetent (void);
| int
| main (void)
| {
| return tgetent ();
|   ;
|   return 0;
| }
configure:15110: result: no
configure:15119: error: libncurses, libcurses, libtermcap or libtinfo is required!

## ---------------- ##
## Cache variables. ##
## ---------------- ##

ac_cv_build=x86_64-pc-linux-gnu
ac_cv_c_compiler_gnu=yes
ac_cv_env_CC_set=set
ac_cv_env_CC_value=/nest/build/Developer/Toolchains/Default.xctoolchain/usr/bin/clang
ac_cv_env_CFLAGS_set=
ac_cv_env_CFLAGS_value=
ac_cv_env_CPPFLAGS_set=set
ac_cv_env_CPPFLAGS_value='--sysroot=/Developer/Platforms/ravynOS.platform/Developer/SDKs/ravynOS.sdk -I/nest/build/sysroot/usr/include'
ac_cv_env_LDFLAGS_set=set
ac_cv_env_LDFLAGS_value=-L/nest/build/sysroot/usr/lib
ac_cv_env_LIBS_set=set
ac_cv_env_LIBS_value=-lncursesw
ac_cv_env_LT_SYS_LIBRARY_PATH_set=
ac_cv_env_LT_SYS_LIBRARY_PATH_value=
ac_cv_env_build_alias_set=
ac_cv_env_build_alias_value=
ac_cv_env_host_alias_set=set
ac_cv_env_host_alias_value=x86_64-apple-darwin
ac_cv_env_target_alias_set=
ac_cv_env_target_alias_value=
ac_cv_header_dlfcn_h=yes
ac_cv_header_inttypes_h=yes
ac_cv_header_minix_config_h=no
ac_cv_header_stdint_h=yes
ac_cv_header_stdio_h=yes
ac_cv_header_stdlib_h=yes
ac_cv_header_string_h=yes
ac_cv_header_strings_h=yes
ac_cv_header_sys_stat_h=yes
ac_cv_header_sys_types_h=yes
ac_cv_header_unistd_h=yes
ac_cv_header_vfork_h=no
ac_cv_header_wchar_h=yes
ac_cv_host=x86_64-apple-darwin
ac_cv_lib_curses_tgetent=no
ac_cv_lib_ncurses_tgetent=no
ac_cv_lib_termcap_tgetent=no
ac_cv_lib_tinfo_tgetent=no
ac_cv_objext=o
ac_cv_path_EGREP='/usr/bin/grep -E'
ac_cv_path_EGREP_TRADITIONAL='/usr/bin/grep -E'
ac_cv_path_FGREP='/usr/bin/grep -F'
ac_cv_path_GREP=/usr/bin/grep
ac_cv_path_NROFF=/usr/bin/nroff
ac_cv_path_SED=/usr/bin/sed
ac_cv_path_install='/usr/bin/install -c'
ac_cv_path_lt_DD=/usr/bin/dd
ac_cv_path_mkdir=/usr/bin/mkdir
ac_cv_prog_AWK=gawk
ac_cv_prog_CC=/nest/build/Developer/Toolchains/Default.xctoolchain/usr/bin/clang
ac_cv_prog_FILECMD=file
ac_cv_prog_STRIP=strip
ac_cv_prog_ac_ct_AR=ar
ac_cv_prog_ac_ct_DSYMUTIL=dsymutil
ac_cv_prog_ac_ct_DUMPBIN='link -dump'
ac_cv_prog_ac_ct_OBJDUMP=objdump
ac_cv_prog_ac_ct_RANLIB=ranlib
ac_cv_prog_ac_ct_STRIP=strip
ac_cv_prog_cc_c11=
ac_cv_prog_cc_g=yes
ac_cv_prog_cc_stdc=
ac_cv_prog_make_make_set=yes
ac_cv_safe_to_define___extensions__=yes
ac_cv_should_define__xopen_source=no
am_cv_CC_dependencies_compiler_type=gcc3
am_cv_filesystem_timestamp_resolution=2
am_cv_make_support_nested_variables=yes
am_cv_prog_cc_c_o=yes
am_cv_prog_tar_ustar=gnutar
am_cv_sleep_fractional_seconds=yes
am_cv_xargs_n_works=yes
lt_cv_apple_cc_single_mod=yes
lt_cv_ar_at_file=@
lt_cv_deplibs_check_method=pass_all
lt_cv_file_magic_cmd='$MAGIC_CMD'
lt_cv_file_magic_test_file=
lt_cv_ld_exported_symbols_list=yes
lt_cv_ld_force_load=no
lt_cv_ld_reload_flag=-r
lt_cv_nm_interface='BSD nm'
lt_cv_objdir=.libs
lt_cv_path_LD=/nest/build/Developer/Toolchains/Default.xctoolchain/usr/bin/ld64
lt_cv_path_NM=no
lt_cv_path_manifest_tool=no
lt_cv_prog_compiler_c_o=yes
lt_cv_prog_compiler_pic='-fno-common -DPIC'
lt_cv_prog_compiler_pic_works=yes
lt_cv_prog_compiler_rtti_exceptions=yes
lt_cv_prog_compiler_static_works=no
lt_cv_prog_gnu_ld=no
lt_cv_sharedlib_from_linklib_cmd='printf %s\n'
lt_cv_support_no_fixup_chains=no
lt_cv_sys_global_symbol_pipe=
lt_cv_sys_global_symbol_to_c_name_address='/usr/bin/sed -n -e '\''s/^: \(.*\) .*$/  {"\1", (void *) 0},/p'\'' -e '\''s/^[ABCDGIRSTW][ABCDGIRSTW]* .* \(.*\)$/  {"\1", (void *) \&\1},/p'\'''
lt_cv_sys_global_symbol_to_c_name_address_lib_prefix='/usr/bin/sed -n -e '\''s/^: \(.*\) .*$/  {"\1", (void *) 0},/p'\'' -e '\''s/^[ABCDGIRSTW][ABCDGIRSTW]* .* \(lib.*\)$/  {"\1", (void *) \&\1},/p'\'' -e '\''s/^[ABCDGIRSTW][ABCDGIRSTW]* .* \(.*\)$/  {"lib\1", (void *) \&\1},/p'\'''
lt_cv_sys_global_symbol_to_cdecl=
lt_cv_sys_global_symbol_to_import=
lt_cv_sys_max_cmd_len=3145728
lt_cv_to_host_file_cmd=func_convert_file_noop
lt_cv_to_tool_file_cmd=func_convert_file_noop
lt_cv_truncate_bin='/usr/bin/dd bs=4096 count=1'

## ----------------- ##
## Output variables. ##
## ----------------- ##

ACLOCAL='${SHELL} '\''/nest/ravynos/BSD/lib/libedit/missing'\'' aclocal-1.18'
AMDEPBACKSLASH='\'
AMDEP_FALSE='#'
AMDEP_TRUE=''
AMTAR='$${TAR-tar}'
AM_BACKSLASH='\'
AM_DEFAULT_V=''
AM_DEFAULT_VERBOSITY='0'
AM_V=''
AR='ar'
AUTOCONF='${SHELL} '\''/nest/ravynos/BSD/lib/libedit/missing'\'' autoconf'
AUTOHEADER='${SHELL} '\''/nest/ravynos/BSD/lib/libedit/missing'\'' autoheader'
AUTOMAKE='${SHELL} '\''/nest/ravynos/BSD/lib/libedit/missing'\'' automake-1.18'
AWK='gawk'
CC='/nest/build/Developer/Toolchains/Default.xctoolchain/usr/bin/clang'
CCDEPMODE='depmode=gcc3'
CFLAGS='-g -O2'
CPPFLAGS='--sysroot=/Developer/Platforms/ravynOS.platform/Developer/SDKs/ravynOS.sdk -I/nest/build/sysroot/usr/include'
CSCOPE='cscope'
CTAGS='ctags'
CYGPATH_W='echo'
DEFS=''
DEPDIR='.deps'
DLLTOOL='false'
DSYMUTIL='dsymutil'
DUMPBIN=':'
ECHO_C=''
ECHO_N='-n'
ECHO_T=''
EGREP='/usr/bin/grep -E'
ENABLE_EXAMPLES_FALSE=''
ENABLE_EXAMPLES_TRUE=''
ETAGS='etags'
EXEEXT=''
FGREP='/usr/bin/grep -F'
FILECMD='file'
GREP='/usr/bin/grep'
HAVE_GETLINE_FALSE=''
HAVE_GETLINE_TRUE=''
HAVE_STRLCAT_FALSE=''
HAVE_STRLCAT_TRUE=''
HAVE_STRLCPY_FALSE=''
HAVE_STRLCPY_TRUE=''
HAVE_UNVIS_FALSE=''
HAVE_UNVIS_TRUE=''
HAVE_VIS_FALSE=''
HAVE_VIS_TRUE=''
INSTALL_DATA='${INSTALL} -m 644'
INSTALL_PROGRAM='${INSTALL}'
INSTALL_SCRIPT='${INSTALL}'
INSTALL_STRIP_PROGRAM='$(install_sh) -c -s'
LD='/nest/build/Developer/Toolchains/Default.xctoolchain/usr/bin/ld64'
LDFLAGS='-L/nest/build/sysroot/usr/lib'
LIBOBJS=''
LIBS='-lncursesw'
LIBTOOL='$(SHELL) $(top_builddir)/libtool'
LIPO=':'
LN_S='ln -s'
LTLIBOBJS=''
LT_SYS_LIBRARY_PATH=''
LT_VERSION='0:76:0'
MAKEINFO='${SHELL} '\''/nest/ravynos/BSD/lib/libedit/missing'\'' makeinfo'
MANIFEST_TOOL=':'
MANTYPE='mdoc'
MKDIR_P='/usr/bin/mkdir -p'
NM='nm'
NMEDIT=':'
NROFF='/usr/bin/nroff'
OBJDUMP='objdump'
OBJEXT='o'
OTOOL64=':'
OTOOL=':'
PACKAGE='libedit-20251016'
PACKAGE_BUGREPORT=''
PACKAGE_NAME='libedit'
PACKAGE_STRING='libedit 3.1'
PACKAGE_TARNAME='libedit-20251016'
PACKAGE_URL=''
PACKAGE_VERSION='3.1'
PATH_SEPARATOR=':'
RANLIB='ranlib'
SED='/usr/bin/sed'
SET_MAKE=''
SHELL='/bin/sh'
STRIP='strip'
VERSION='3.1'
ac_ct_AR='ar'
ac_ct_CC=''
ac_ct_DUMPBIN='link -dump'
am__EXEEXT_FALSE=''
am__EXEEXT_TRUE=''
am__fastdepCC_FALSE='#'
am__fastdepCC_TRUE=''
am__include='include'
am__isrc=''
am__leading_dot='.'
am__nodep='_no'
am__quote=''
am__rm_f_notfound=''
am__tar='tar --format=ustar -chf - "$$tardir"'
am__untar='tar -xf -'
am__xargs_n='xargs -n'
bindir='${exec_prefix}/bin'
build='x86_64-pc-linux-gnu'
build_alias=''
build_cpu='x86_64'
build_os='linux-gnu'
build_vendor='pc'
datadir='${datarootdir}'
datarootdir='${prefix}/share'
docdir='${datarootdir}/doc/${PACKAGE_TARNAME}'
dvidir='${docdir}'
exec_prefix='NONE'
host='x86_64-apple-darwin'
host_alias='x86_64-apple-darwin'
host_cpu='x86_64'
host_os='darwin'
host_vendor='apple'
htmldir='${docdir}'
includedir='${prefix}/include'
infodir='${datarootdir}/info'
install_sh='${SHELL} /nest/ravynos/BSD/lib/libedit/install-sh'
libdir='${exec_prefix}/lib'
libexecdir='${exec_prefix}/libexec'
localedir='${datarootdir}/locale'
localstatedir='/private/var'
mandir='${datarootdir}/man'
mkdir_p='$(MKDIR_P)'
oldincludedir='/usr/include'
pdfdir='${docdir}'
prefix='/usr'
program_transform_name='s,x,x,'
psdir='${docdir}'
runstatedir='${localstatedir}/run'
sbindir='${exec_prefix}/sbin'
sharedstatedir='${prefix}/com'
sysconfdir='/private/etc'
target_alias=''

## ----------- ##
## confdefs.h. ##
## ----------- ##

/* confdefs.h */
#define PACKAGE_NAME "libedit"
#define PACKAGE_TARNAME "libedit-20251016"
#define PACKAGE_VERSION "3.1"
#define PACKAGE_STRING "libedit 3.1"
#define PACKAGE_BUGREPORT ""
#define PACKAGE_URL ""
#define HAVE_STDIO_H 1
#define HAVE_STDLIB_H 1
#define HAVE_STRING_H 1
#define HAVE_INTTYPES_H 1
#define HAVE_STDINT_H 1
#define HAVE_STRINGS_H 1
#define HAVE_SYS_STAT_H 1
#define HAVE_SYS_TYPES_H 1
#define HAVE_UNISTD_H 1
#define HAVE_WCHAR_H 1
#define STDC_HEADERS 1
#define _ALL_SOURCE 1
#define _DARWIN_C_SOURCE 1
#define _GNU_SOURCE 1
#define _HPUX_ALT_XOPEN_SOCKET_API 1
#define _NETBSD_SOURCE 1
#define _OPENBSD_SOURCE 1
#define _POSIX_PTHREAD_SEMANTICS 1
#define __STDC_WANT_IEC_60559_ATTRIBS_EXT__ 1
#define __STDC_WANT_IEC_60559_BFP_EXT__ 1
#define __STDC_WANT_IEC_60559_DFP_EXT__ 1
#define __STDC_WANT_IEC_60559_EXT__ 1
#define __STDC_WANT_IEC_60559_FUNCS_EXT__ 1
#define __STDC_WANT_IEC_60559_TYPES_EXT__ 1
#define __STDC_WANT_LIB_EXT2__ 1
#define __STDC_WANT_MATH_SPEC_FUNCS__ 1
#define _TANDEM_SOURCE 1
#define __EXTENSIONS__ 1
#define PACKAGE "libedit-20251016"
#define VERSION "3.1"
#define HAVE_DLFCN_H 1
#define LT_OBJDIR ".libs/"

configure: exit 1
