FBSD_1.0 {
	accept;
	aio_suspend;
	close;
	connect;
	fcntl;
	fork;
	fsync;
	msync;
	nanosleep;
	open;
	pipe;
	poll;
	pselect;
	ptrace;
	read;
	readv;
	recvfrom;
	recvmsg;
	select;
	sendmsg;
	sendto;
	shm_open;
	sigaction;
	sigprocmask;
	sigsuspend;
	sigtimedwait;
	sigwait;
	sigwaitinfo;
	vadvise;
	wait4;
	write;
	writev;
};

FBSD_1.1 {
	closefrom;
};

FBSD_1.2 {
	pdfork;
};

FBSD_1.3 {
	accept4;
	thr_stack;
	thr_workq;
	wait6;
};

FBSD_1.4 {
	ppoll;
	__iopolicysys;
	__proc_info;
	_kernelrpc_mach_vm_allocate_trap;
	_kernelrpc_mach_vm_deallocate_trap;
	_kernelrpc_mach_vm_protect_trap;
	_kernelrpc_mach_vm_map_trap;
	_kernelrpc_mach_port_allocate_trap;
	_kernelrpc_mach_port_destroy_trap;
	_kernelrpc_mach_port_deallocate_trap;
	_kernelrpc_mach_port_mod_refs_trap;
	_kernelrpc_mach_port_move_member_trap;
	_kernelrpc_mach_port_insert_right_trap;
	_kernelrpc_mach_port_insert_member_trap;
	_kernelrpc_mach_port_extract_member_trap;
	_kernelrpc_mach_port_construct_trap;
	_kernelrpc_mach_port_destruct_trap;
	mach_reply_port;
	thread_self_trap;
	task_self_trap;
	host_self_trap;
	mach_msg_trap;
	mach_msg_overwrite_trap;
	semaphore_signal_trap;
	semaphore_signal_all_trap;
	semaphore_signal_thread_trap;
	semaphore_wait_trap;
	semaphore_wait_signal_trap	;
	semaphore_timedwait_trap;
	semaphore_timedwait_signal_trap;
	_kernelrpc_mach_port_guard_trap;
	_kernelrpc_mach_port_unguard_trap;
	task_name_for_pid;
	task_for_pid;
	pid_for_task;
	macx_swapon;
	macx_swapoff;
	macx_triggers;
	swtch_pri;
	swtch;
	thread_switch;
	clock_sleep_trap;
	mach_timebase_info;
	mach_wait_until;
	mk_timer_create;
	mk_timer_destroy;
	mk_timer_arm;
	mk_timer_cancel;
	numa_setaffinity;
	numa_getaffinity;
	sendmmsg;
	recvmmsg;
};

FBSD_1.5 {
	clock_nanosleep;
	fdatasync;
	getdents;
	kevent;
	kevent64;
	lstat;
	mknod;
	stat;
};

FBSD_1.6 {
	shm_create_largepage;
};

FBSD_1.7 {
	_Fork;
};

FBSDprivate_1.0 {
};
