0:11(34): warning: `undefinedInt' used uninitialized
0:12(21): warning: `undefinedInt' used uninitialized
0:14(11): warning: `undefined' used uninitialized
0:14(36): warning: `undefinedInt' used uninitialized
0:15(11): warning: `undefined' used uninitialized
0:15(23): warning: `undefinedInt' used uninitialized
