0:11(20): warning: `undefinedIndex' used uninitialized
0:11(51): warning: `undefinedIndex' used uninitialized
0:11(82): warning: `undefinedIndex' used uninitialized
0:11(6): warning: `willBeDefined' used uninitialized
0:14(20): warning: `undefinedIndex' used uninitialized
0:14(51): warning: `undefinedIndex' used uninitialized
0:14(82): warning: `undefinedIndex' used uninitialized

error: unresolved reference to function `foo'
